// Jest Snapshot v1, https://goo.gl/fbAQLP

exports[`Modal component Matches snapsot DOM node structure 1`] = `[Function]`;
