// Jest Snapshot v1, https://goo.gl/fbAQLP

exports[`new nav component matches Snapshot 1`] = `[Function]`;
